19:34:45 **** Incremental Build of configuration Debug for project 0_test_launch ****
make -j12 all 
arm-none-eabi-gcc "../Src/main.c" -mcpu=cortex-m4 -std=gnu11 -g3 -DDEBUG -DSTM32 -DSTM32F4 -DSTM32F411RETx -DSTM32F411xE -c -I../Inc -I"C:/Users/g/Documents/Bootloader_development/stm32_baremetal_project/0_test_launch/chip_headers/CMSIS/Include" -I"C:/Users/g/Documents/Bootloader_development/stm32_baremetal_project/0_test_launch/chip_headers/CMSIS/Device/ST/STM32F4xx/Include" -O0 -ffunction-sections -fdata-sections -Wall -fstack-usage -fcyclomatic-complexity -MMD -MP -MF"Src/main.d" -MT"Src/main.o" --specs=nano.specs -mfpu=fpv4-sp-d16 -mfloat-abi=hard -mthumb -o "Src/main.o"
arm-none-eabi-gcc "../Src/syscalls.c" -mcpu=cortex-m4 -std=gnu11 -g3 -DDEBUG -DSTM32 -DSTM32F4 -DSTM32F411RETx -DSTM32F411xE -c -I../Inc -I"C:/Users/g/Documents/Bootloader_development/stm32_baremetal_project/0_test_launch/chip_headers/CMSIS/Include" -I"C:/Users/g/Documents/Bootloader_development/stm32_baremetal_project/0_test_launch/chip_headers/CMSIS/Device/ST/STM32F4xx/Include" -O0 -ffunction-sections -fdata-sections -Wall -fstack-usage -fcyclomatic-complexity -MMD -MP -MF"Src/syscalls.d" -MT"Src/syscalls.o" --specs=nano.specs -mfpu=fpv4-sp-d16 -mfloat-abi=hard -mthumb -o "Src/syscalls.o"
arm-none-eabi-gcc "../Src/sysmem.c" -mcpu=cortex-m4 -std=gnu11 -g3 -DDEBUG -DSTM32 -DSTM32F4 -DSTM32F411RETx -DSTM32F411xE -c -I../Inc -I"C:/Users/g/Documents/Bootloader_development/stm32_baremetal_project/0_test_launch/chip_headers/CMSIS/Include" -I"C:/Users/g/Documents/Bootloader_development/stm32_baremetal_project/0_test_launch/chip_headers/CMSIS/Device/ST/STM32F4xx/Include" -O0 -ffunction-sections -fdata-sections -Wall -fstack-usage -fcyclomatic-complexity -MMD -MP -MF"Src/sysmem.d" -MT"Src/sysmem.o" --specs=nano.specs -mfpu=fpv4-sp-d16 -mfloat-abi=hard -mthumb -o "Src/sysmem.o"
arm-none-eabi-gcc -o "0_test_launch.elf" @"objects.list"   -mcpu=cortex-m4 -T"C:\Users\g\Documents\Bootloader_development\stm32_baremetal_project\0_test_launch\STM32F411RETX_FLASH.ld" --specs=nosys.specs -Wl,-Map="0_test_launch.map" -Wl,--gc-sections -static --specs=nano.specs -mfpu=fpv4-sp-d16 -mfloat-abi=hard -mthumb -Wl,--start-group -lc -lm -Wl,--end-group
Finished building target: 0_test_launch.elf
 
arm-none-eabi-size  0_test_launch.elf 
arm-none-eabi-objdump -h -S 0_test_launch.elf  > "0_test_launch.list"
   text	   data	    bss	    dec	    hex	filename
    748	      0	   1568	   2316	    90c	0_test_launch.elf
Finished building: default.size.stdout
 
Finished building: 0_test_launch.list
 

19:34:46 Build Finished. 0 errors, 0 warnings. (took 985ms)

