14:54:38 **** Incremental Build of configuration Debug for project 10_final_project_default_app ****
make -j12 all 
arm-none-eabi-gcc "../Src/main.c" -mcpu=cortex-m4 -std=gnu11 -g3 -DDEBUG -DSTM32F429I_DISC1 -DSTM32 -DSTM32F429ZITx -DSTM32F4 -c -I../Inc -I"C:/Users/g/Desktop/BootLoader_development/stm32_baremetal_project/10_final_project_default_app/chip_headers/CMSIS/Include" -I"C:/Users/g/Desktop/BootLoader_development/stm32_baremetal_project/10_final_project_default_app/chip_headers/CMSIS/Device/ST/STM32F4xx/Include" -O0 -ffunction-sections -fdata-sections -Wall -fstack-usage -fcyclomatic-complexity -MMD -MP -MF"Src/main.d" -MT"Src/main.o" --specs=nano.specs -mfpu=fpv4-sp-d16 -mfloat-abi=hard -mthumb -o "Src/main.o"
arm-none-eabi-gcc -o "10_final_project_default_app.elf" @"objects.list"   -mcpu=cortex-m4 -T"C:\Users\g\Desktop\BootLoader_development\stm32_baremetal_project\10_final_project_default_app\STM32F429ZITX_FLASH.ld" --specs=nosys.specs -Wl,-Map="10_final_project_default_app.map" -Wl,--gc-sections -static --specs=nano.specs -mfpu=fpv4-sp-d16 -mfloat-abi=hard -mthumb -Wl,--start-group -lc -lm -Wl,--end-group
Finished building target: 10_final_project_default_app.elf
 
arm-none-eabi-size  10_final_project_default_app.elf 
arm-none-eabi-objdump -h -S 10_final_project_default_app.elf  > "10_final_project_default_app.list"
   text	   data	    bss	    dec	    hex	filename
   5852	     92	   1908	   7852	   1eac	10_final_project_default_app.elf
Finished building: default.size.stdout
 
Finished building: 10_final_project_default_app.list
 

14:54:39 Build Finished. 0 errors, 0 warnings. (took 1s.125ms)

