10:44:14 **** Build of configuration Debug for project 3_sytem_driver_systick ****
make -j12 all 
arm-none-eabi-gcc "../Src/fpu.c" -mcpu=cortex-m4 -std=gnu11 -g3 -DDEBUG -DSTM32F429I_DISC1 -DSTM32 -DSTM32F429ZITx -DSTM32F4 -c -I../Inc -I"C:/Users/g/Desktop/BootLoader_development/stm32_baremetal_project/3_sytem_driver_systick/chip_headers/CMSIS/Include" -I"C:/Users/g/Desktop/BootLoader_development/stm32_baremetal_project/3_sytem_driver_systick/chip_headers/CMSIS/Device/ST/STM32F4xx/Include" -O0 -ffunction-sections -fdata-sections -Wall -fstack-usage -fcyclomatic-complexity -MMD -MP -MF"Src/fpu.d" -MT"Src/fpu.o" --specs=nano.specs -mfpu=fpv4-sp-d16 -mfloat-abi=hard -mthumb -o "Src/fpu.o"
arm-none-eabi-gcc "../Src/main.c" -mcpu=cortex-m4 -std=gnu11 -g3 -DDEBUG -DSTM32F429I_DISC1 -DSTM32 -DSTM32F429ZITx -DSTM32F4 -c -I../Inc -I"C:/Users/g/Desktop/BootLoader_development/stm32_baremetal_project/3_sytem_driver_systick/chip_headers/CMSIS/Include" -I"C:/Users/g/Desktop/BootLoader_development/stm32_baremetal_project/3_sytem_driver_systick/chip_headers/CMSIS/Device/ST/STM32F4xx/Include" -O0 -ffunction-sections -fdata-sections -Wall -fstack-usage -fcyclomatic-complexity -MMD -MP -MF"Src/main.d" -MT"Src/main.o" --specs=nano.specs -mfpu=fpv4-sp-d16 -mfloat-abi=hard -mthumb -o "Src/main.o"
arm-none-eabi-gcc "../Src/syscalls.c" -mcpu=cortex-m4 -std=gnu11 -g3 -DDEBUG -DSTM32F429I_DISC1 -DSTM32 -DSTM32F429ZITx -DSTM32F4 -c -I../Inc -I"C:/Users/g/Desktop/BootLoader_development/stm32_baremetal_project/3_sytem_driver_systick/chip_headers/CMSIS/Include" -I"C:/Users/g/Desktop/BootLoader_development/stm32_baremetal_project/3_sytem_driver_systick/chip_headers/CMSIS/Device/ST/STM32F4xx/Include" -O0 -ffunction-sections -fdata-sections -Wall -fstack-usage -fcyclomatic-complexity -MMD -MP -MF"Src/syscalls.d" -MT"Src/syscalls.o" --specs=nano.specs -mfpu=fpv4-sp-d16 -mfloat-abi=hard -mthumb -o "Src/syscalls.o"
arm-none-eabi-gcc "../Src/sysmem.c" -mcpu=cortex-m4 -std=gnu11 -g3 -DDEBUG -DSTM32F429I_DISC1 -DSTM32 -DSTM32F429ZITx -DSTM32F4 -c -I../Inc -I"C:/Users/g/Desktop/BootLoader_development/stm32_baremetal_project/3_sytem_driver_systick/chip_headers/CMSIS/Include" -I"C:/Users/g/Desktop/BootLoader_development/stm32_baremetal_project/3_sytem_driver_systick/chip_headers/CMSIS/Device/ST/STM32F4xx/Include" -O0 -ffunction-sections -fdata-sections -Wall -fstack-usage -fcyclomatic-complexity -MMD -MP -MF"Src/sysmem.d" -MT"Src/sysmem.o" --specs=nano.specs -mfpu=fpv4-sp-d16 -mfloat-abi=hard -mthumb -o "Src/sysmem.o"
arm-none-eabi-gcc "../Src/systick.c" -mcpu=cortex-m4 -std=gnu11 -g3 -DDEBUG -DSTM32F429I_DISC1 -DSTM32 -DSTM32F429ZITx -DSTM32F4 -c -I../Inc -I"C:/Users/g/Desktop/BootLoader_development/stm32_baremetal_project/3_sytem_driver_systick/chip_headers/CMSIS/Include" -I"C:/Users/g/Desktop/BootLoader_development/stm32_baremetal_project/3_sytem_driver_systick/chip_headers/CMSIS/Device/ST/STM32F4xx/Include" -O0 -ffunction-sections -fdata-sections -Wall -fstack-usage -fcyclomatic-complexity -MMD -MP -MF"Src/systick.d" -MT"Src/systick.o" --specs=nano.specs -mfpu=fpv4-sp-d16 -mfloat-abi=hard -mthumb -o "Src/systick.o"
arm-none-eabi-gcc "../Src/uart.c" -mcpu=cortex-m4 -std=gnu11 -g3 -DDEBUG -DSTM32F429I_DISC1 -DSTM32 -DSTM32F429ZITx -DSTM32F4 -c -I../Inc -I"C:/Users/g/Desktop/BootLoader_development/stm32_baremetal_project/3_sytem_driver_systick/chip_headers/CMSIS/Include" -I"C:/Users/g/Desktop/BootLoader_development/stm32_baremetal_project/3_sytem_driver_systick/chip_headers/CMSIS/Device/ST/STM32F4xx/Include" -O0 -ffunction-sections -fdata-sections -Wall -fstack-usage -fcyclomatic-complexity -MMD -MP -MF"Src/uart.d" -MT"Src/uart.o" --specs=nano.specs -mfpu=fpv4-sp-d16 -mfloat-abi=hard -mthumb -o "Src/uart.o"
arm-none-eabi-gcc -o "3_sytem_driver_systick.elf" @"objects.list"   -mcpu=cortex-m4 -T"C:\Users\g\Desktop\BootLoader_development\stm32_baremetal_project\3_sytem_driver_systick\STM32F429ZITX_FLASH.ld" --specs=nosys.specs -Wl,-Map="3_sytem_driver_systick.map" -Wl,--gc-sections -static --specs=nano.specs -mfpu=fpv4-sp-d16 -mfloat-abi=hard -mthumb -Wl,--start-group -lc -lm -Wl,--end-group
Finished building target: 3_sytem_driver_systick.elf
 
arm-none-eabi-size  3_sytem_driver_systick.elf 
arm-none-eabi-objdump -h -S 3_sytem_driver_systick.elf  > "3_sytem_driver_systick.list"
   text	   data	    bss	    dec	    hex	filename
   5284	     92	   1900	   7276	   1c6c	3_sytem_driver_systick.elf
Finished building: default.size.stdout
 
Finished building: 3_sytem_driver_systick.list
 

10:44:18 Build Finished. 0 errors, 0 warnings. (took 3s.490ms)

