14:17:18 **** Incremental Build of configuration Debug for project 5_sytem_driver_adc ****
make -j12 all 
arm-none-eabi-gcc "../Src/adc.c" -mcpu=cortex-m4 -std=gnu11 -g3 -DDEBUG -DSTM32F429I_DISC1 -DSTM32 -DSTM32F429ZITx -DSTM32F4 -c -I../Inc -I"C:/Users/g/Desktop/TDD_Embd_c/5_sytem_driver_adc/chip_headers/CMSIS/Include" -I"C:/Users/g/Desktop/TDD_Embd_c/5_sytem_driver_adc/chip_headers/CMSIS/Device/ST/STM32F4xx/Include" -O0 -ffunction-sections -fdata-sections -Wall -fstack-usage -fcyclomatic-complexity -MMD -MP -MF"Src/adc.d" -MT"Src/adc.o" --specs=nano.specs -mfpu=fpv4-sp-d16 -mfloat-abi=hard -mthumb -o "Src/adc.o"
arm-none-eabi-gcc -o "5_sytem_driver_adc.elf" @"objects.list"   -mcpu=cortex-m4 -T"C:\Users\g\Desktop\TDD_Embd_c\5_sytem_driver_adc\STM32F429ZITX_FLASH.ld" --specs=nosys.specs -Wl,-Map="5_sytem_driver_adc.map" -Wl,--gc-sections -static --specs=nano.specs -mfpu=fpv4-sp-d16 -mfloat-abi=hard -mthumb -Wl,--start-group -lc -lm -Wl,--end-group
Finished building target: 5_sytem_driver_adc.elf
 
arm-none-eabi-size  5_sytem_driver_adc.elf 
arm-none-eabi-objdump -h -S 5_sytem_driver_adc.elf  > "5_sytem_driver_adc.list"
   text	   data	    bss	    dec	    hex	filename
   1744	      0	   1584	   3328	    d00	5_sytem_driver_adc.elf
Finished building: default.size.stdout
 
Finished building: 5_sytem_driver_adc.list
 

14:17:20 Build Finished. 0 errors, 0 warnings. (took 1s.519ms)

