22:01:08 **** Incremental Build of configuration Debug for project 8_linker_script_bootloader1 ****
make -j12 all 
arm-none-eabi-gcc "../Src/main.c" -mcpu=cortex-m4 -std=gnu11 -g3 -DDEBUG -DSTM32F429I_DISC1 -DSTM32 -DSTM32F429ZITx -DSTM32F4 -c -I../Inc -I"C:/Users/g/Desktop/BootLoader_development/stm32_baremetal_project/8_linker_script_bootloader1/chip_headers/CMSIS/Include" -I"C:/Users/g/Desktop/BootLoader_development/stm32_baremetal_project/8_linker_script_bootloader1/chip_headers/CMSIS/Device/ST/STM32F4xx/Include" -O0 -ffunction-sections -fdata-sections -Wall -fstack-usage -fcyclomatic-complexity -MMD -MP -MF"Src/main.d" -MT"Src/main.o" --specs=nano.specs -mfpu=fpv4-sp-d16 -mfloat-abi=hard -mthumb -o "Src/main.o"
arm-none-eabi-gcc -o "8_linker_script_bootloader1.elf" @"objects.list"   -mcpu=cortex-m4 -T"C:\Users\g\Desktop\BootLoader_development\stm32_baremetal_project\8_linker_script_bootloader1\STM32F429ZITX_FLASH.ld" --specs=nosys.specs -Wl,-Map="8_linker_script_bootloader1.map" -Wl,--gc-sections -static --specs=nano.specs -mfpu=fpv4-sp-d16 -mfloat-abi=hard -mthumb -Wl,--start-group -lc -lm -Wl,--end-group
Finished building target: 8_linker_script_bootloader1.elf
 
arm-none-eabi-size  8_linker_script_bootloader1.elf 
arm-none-eabi-objdump -h -S 8_linker_script_bootloader1.elf  > "8_linker_script_bootloader1.list"
   text	   data	    bss	    dec	    hex	filename
   1248	      0	   1568	   2816	    b00	8_linker_script_bootloader1.elf
Finished building: default.size.stdout
 
Finished building: 8_linker_script_bootloader1.list
 

22:01:09 Build Finished. 0 errors, 0 warnings. (took 1s.130ms)

